Ne2 (published): window [4.22, 7.59] A, 40 nodes, sigma = 1e-09; |f*| at R+ = 7.82e-07 E_h
Ar2 (published): window [5.15, 9.26] A, 40 nodes, sigma = 1e-09; |f*| at R+ = 2.43e-06 E_h
  M_6 seed 0: Ne2 window rmse 8.92e-08; Ar2 window rmse 7.23e-07; 120 s
  M_6 seed 1: Ne2 window rmse 7.33e-08; Ar2 window rmse 7.27e-07; 115 s
  M_6 seed 2: Ne2 window rmse 3.32e-07; Ar2 window rmse 1.01e-06; 120 s
  M_6 seed 3: Ne2 window rmse 1.02e-07; Ar2 window rmse 8.59e-07; 129 s
  M_6 / Ne2:   R (A)      |f*|       mean   rel err  spread W    W/|f*|       q
                  10.2  1.27e-07  -1.42e-07  1.16e-01  7.05e-09  5.55e-02    6.00
                  11.7  5.47e-08  -6.16e-08  1.27e-01  3.06e-09  5.60e-02    6.00
                  15.5  1.02e-08  -1.16e-08  1.40e-01  5.78e-10  5.67e-02    6.00
                  20.5  1.91e-09  -2.19e-09  1.48e-01  1.09e-10  5.71e-02    6.00
                  29.0  2.37e-10  -2.73e-10  1.53e-01  1.36e-11  5.73e-02    6.00
                  50.5  8.41e-12  -9.73e-12  1.57e-01  4.84e-13  5.75e-02    6.00
                 101.2  1.30e-13  -1.51e-13  1.58e-01  7.49e-15  5.76e-02    6.00
                 307.5  1.65e-16  -1.91e-16  1.58e-01  9.51e-18  5.76e-02    6.00
  M_6 / Ne2: slope of log(W/|f*|) vs log R on [30, 300] A = +0.00  (branch 2: 0; branch 1: p* - p_min; branch 3: -> -inf)
  M_6 / Ar2:   R (A)      |f*|       mean   rel err  spread W    W/|f*|       q
                  10.1  1.43e-06  -1.70e-06  1.87e-01  1.64e-08  1.14e-02    6.00
                  12.3  4.24e-07  -5.16e-07  2.17e-01  4.98e-09  1.17e-02    6.00
                  15.0  1.27e-07  -1.57e-07  2.37e-01  1.51e-09  1.19e-02    6.00
                  19.6  2.56e-08  -3.21e-08  2.55e-01  3.09e-10  1.21e-02    6.00
                  29.1  2.34e-09  -2.97e-09  2.68e-01  2.86e-11  1.22e-02    6.00
                  49.4  9.72e-11  -1.24e-10  2.75e-01  1.19e-12  1.23e-02    6.00
                 102.2  1.23e-12  -1.57e-12  2.78e-01  1.52e-14  1.23e-02    6.00
                 294.5  2.15e-15  -2.75e-15  2.79e-01  2.65e-17  1.23e-02    6.00
  M_6 / Ar2: slope of log(W/|f*|) vs log R on [30, 300] A = +0.00  (branch 2: 0; branch 1: p* - p_min; branch 3: -> -inf)
  M_6 E2 Ne: alpha(i w) mean over seeds [0.25  0.756 1.536 1.365 0.901 1.412 1.267 1.236]  spread [0.08  0.271 0.353 0.191 0.502 0.672 0.361 0.211]  [alpha_0 ref 2.669]
  M_6 E2 Ar: alpha(i w) mean over seeds [1.407 1.45  1.315 1.258 1.298 1.319 1.196 1.27 ]  spread [0.011 0.076 0.175 0.195 0.149 0.073 0.118 0.158]  [alpha_0 ref 11.083]
  M_6 E2 C6(Ne-Ne): CP from learned alpha 7.36 +- 0.37  vs DOSD 6.38  (ratio 1.153; seen)
  M_6 E2 C6(Ne-Ar): CP from learned alpha 18.78 +- 3.18  vs DOSD 19.50  (ratio 0.963; UNSEEN mixed pair)
  M_6 E2 C6(Ar-Ar): CP from learned alpha 81.70 +- 0.79  vs DOSD 64.30  (ratio 1.271; seen)
  M_6: 555 s total
