water dimer (PW truth, phi = 0): window [3.86, 6.95] A, 40 nodes, sigma = 1e-09; |f*| at R+ = 3.33e-04 E_h; E R^3 at 300 A = -0.6533 (dipole-dipole -0.652)
  M_1p seed 0: window rmse 8.53e-06; 193 s
  M_1p seed 1: window rmse 7.69e-06; 222 s
  M_1p seed 2: window rmse 8.51e-06; 206 s
  M_1p seed 3: window rmse 7.81e-06; 203 s
  M_1p:   R (A)      |f*|       mean   rel err  spread W    W/|f*|       q
             8.2  2.10e-04  -2.05e-04  2.18e-02       nan       nan     nan
            10.1  1.06e-04  -1.05e-04  1.20e-02       nan       nan     nan
            11.6  6.80e-05  -6.75e-05  7.98e-03       nan       nan     nan
            15.5  2.82e-05  -2.81e-05  3.50e-03       nan       nan     nan
            20.5  1.18e-05  -1.17e-05  1.53e-03       nan       nan     nan
            29.3  3.99e-06  -3.99e-06  5.35e-04       nan       nan     nan
            51.7  7.15e-07  -7.15e-07  9.91e-05       nan       nan     nan
            97.8  1.04e-07  -1.04e-07  1.47e-05       nan       nan     nan
           304.3  3.44e-09  -3.44e-09  4.98e-07       nan       nan     nan
  M_1p: slope of log(W/|f*|) vs log R on [30, 300] A = +nan  (branch 2: 0; branch 1: p* - p_min = 3 - 1 = 2 for a monopole leak; branch 3: -> -inf)  [878 s]
  M_1 seed 0: window rmse 8.08e-06; monomer dipole 1.842 D (truth 1.855), q_O = +0.655 (truth -0.659); 208 s
  M_1 seed 1: window rmse 9.70e-06; monomer dipole 1.814 D (truth 1.855), q_O = +0.644 (truth -0.659); 205 s
  M_1 seed 2: window rmse 1.80e-05; monomer dipole 1.816 D (truth 1.855), q_O = -0.645 (truth -0.659); 207 s
  M_1 seed 3: window rmse 1.12e-05; monomer dipole 1.818 D (truth 1.855), q_O = -0.646 (truth -0.659); 207 s
  M_1: 1 unconverged seeds excluded (window rmse [1.79945964e-05] vs best 8.08e-06)
  M_1:   R (A)      |f*|       mean   rel err  spread W    W/|f*|       q
             8.2  2.10e-04  -1.99e-04  5.37e-02  3.35e-06  1.59e-02    3.17
            10.1  1.06e-04  -1.02e-04  4.42e-02  1.71e-06  1.61e-02    3.13
            11.6  6.80e-05  -6.53e-05  4.03e-02  1.10e-06  1.62e-02    3.11
            15.5  2.82e-05  -2.71e-05  3.60e-02  4.57e-07  1.62e-02    3.08
            20.5  1.18e-05  -1.14e-05  3.41e-02  1.91e-07  1.63e-02    3.06
            29.3  3.99e-06  -3.86e-06  3.31e-02  6.50e-08  1.63e-02    3.04
            51.7  7.15e-07  -6.92e-07  3.27e-02  1.16e-08  1.63e-02    3.02
            97.8  1.04e-07  -1.01e-07  3.26e-02  1.70e-09  1.63e-02    3.01
           304.3  3.44e-09  -3.33e-09  3.26e-02  5.60e-11  1.63e-02    3.00
  M_1: slope of log(W/|f*|) vs log R on [30, 300] A = +0.00  (branch 2: 0; branch 1: p* - p_min = 3 - 1 = 2 for a monopole leak; branch 3: -> -inf);  monomer dipole 1.822 +- 0.013 D  [885 s]
  M_1mu seed 0: window rmse 7.77e-06; monomer dipole 1.887 D (truth 1.855), q_O = +0.054 (truth -0.659); 235 s
  M_1mu seed 1: window rmse 2.65e-05; monomer dipole 1.884 D (truth 1.855), q_O = +0.080 (truth -0.659); 235 s
  M_1mu seed 2: window rmse 1.37e-05; monomer dipole 1.886 D (truth 1.855), q_O = +0.036 (truth -0.659); 228 s
  M_1mu seed 3: window rmse 4.72e-06; monomer dipole 1.847 D (truth 1.855), q_O = +0.035 (truth -0.659); 230 s
  M_1mu: 2 unconverged seeds excluded (window rmse [2.64742313e-05 1.36578065e-05] vs best 4.72e-06)
  M_1mu:   R (A)      |f*|       mean   rel err  spread W    W/|f*|       q
             8.2  2.10e-04  -2.13e-04  1.63e-02  5.71e-06  2.72e-02    3.10
            10.1  1.06e-04  -1.08e-04  1.88e-02  2.95e-06  2.78e-02    3.09
            11.6  6.80e-05  -6.93e-05  1.92e-02  1.90e-06  2.80e-02    3.08
            15.5  2.82e-05  -2.87e-05  1.85e-02  7.98e-07  2.83e-02    3.05
            20.5  1.18e-05  -1.20e-05  1.73e-02  3.37e-07  2.86e-02    3.03
            29.3  3.99e-06  -4.05e-06  1.59e-02  1.15e-07  2.89e-02    3.01
            51.7  7.15e-07  -7.25e-07  1.45e-02  2.10e-08  2.94e-02    3.00
            97.8  1.04e-07  -1.06e-07  1.37e-02  3.10e-09  2.97e-02    3.00
           304.3  3.44e-09  -3.49e-09  1.32e-02  1.03e-10  3.00e-02    3.00
  M_1mu: slope of log(W/|f*|) vs log R on [30, 300] A = +0.01  (branch 2: 0; branch 1: p* - p_min = 3 - 1 = 2 for a monopole leak; branch 3: -> -inf);  monomer dipole 1.876 +- 0.019 D  [997 s]
  M_A seed 0: window rmse 4.39e-05; 213 s
  M_A seed 1: window rmse 3.51e-05; 219 s
  M_A seed 2: window rmse 2.15e-05; 216 s
  M_A seed 3: window rmse 2.20e-05; 216 s
  M_A: 1 unconverged seeds excluded (window rmse [4.38720674e-05] vs best 2.15e-05)
  M_A:   R (A)      |f*|       mean   rel err  spread W    W/|f*|       q
             8.2  2.10e-04  -1.82e-04  1.34e-01  3.60e-05  1.72e-01   -5.99
            10.1  1.06e-04  -7.39e-05  3.05e-01  7.34e-05  6.91e-01    2.83
            11.6  6.80e-05  -1.91e-05  7.19e-01  2.00e-05  2.94e-01   20.46
            15.5  2.82e-05  +1.99e-06  1.07e+00  3.62e-06  1.29e-01   13.73
            20.5  1.18e-05  +1.30e-09  1.00e+00  2.28e-09  1.94e-04   39.66
            29.3  3.99e-06  +2.89e-19  1.00e+00       nan       nan     nan
            51.7  7.15e-07  +2.31e-18  1.00e+00       nan       nan     nan
            97.8  1.04e-07  +2.31e-18  1.00e+00       nan       nan     nan
           304.3  3.44e-09  +2.89e-18  1.00e+00       nan       nan     nan
  M_A: slope of log(W/|f*|) vs log R on [30, 300] A = +nan  (branch 2: 0; branch 1: p* - p_min = 3 - 1 = 2 for a monopole leak; branch 3: -> -inf)  [918 s]
